============================= test session starts =============================
platform win32 -- Python 3.14.3, pytest-9.0.2, pluggy-1.6.0 -- C:\Yaz²l²m\InnovatEPAM Portal\.venv\Scripts\python.exe
cachedir: .pytest_cache
rootdir: C:\Yaz²l²m\InnovatEPAM\backend
configfile: pyproject.toml
plugins: anyio-4.12.1, asyncio-1.3.0, cov-7.0.0, mock-3.15.1
asyncio: mode=Mode.AUTO, debug=False, asyncio_default_fixture_loop_scope=None, asyncio_default_test_loop_scope=function
collecting ... collected 1 item

tests/integration/api/test_auth_logout.py::TestAuthLogout::test_logout_authenticatedUser_returns204NoContent FAILED

================================== FAILURES ===================================
______ TestAuthLogout.test_logout_authenticatedUser_returns204NoContent _______

self = <tests.integration.api.test_auth_logout.TestAuthLogout object at 0x000001EF247ED810>
client = <starlette.testclient.TestClient object at 0x000001EF248D9FD0>
auth_headers = {'Authorization': 'Bearer eyJhbGciOiJIUzI1NiIsInR5cCI6IkpXVCJ9.eyJzdWIiOiI5MTlmYTMxMS04MmVjLTRjNTAtOWI0Ni0xNWRhYTM1ZDk...GVyIiwiZXhwIjoxNzcxOTYxNTQzLCJpYXQiOjE3NzE5NjA2NDMsInR5cGUiOiJhY2Nlc3MifQ.IJWMX_1KEeByQS--4bc4uacOm7eZC-vlLCfS5ww97eM'}

    def test_logout_authenticatedUser_returns204NoContent(self, client, auth_headers):
        """Test logout with valid token returns 204."""
        # Act
>       response = client.post("/api/v1/auth/logout", headers=auth_headers)
                   ^^^^^^^^^^^^^^^^^^^^^^^^^^^^^^^^^^^^^^^^^^^^^^^^^^^^^^^^

tests\integration\api\test_auth_logout.py:12: 
_ _ _ _ _ _ _ _ _ _ _ _ _ _ _ _ _ _ _ _ _ _ _ _ _ _ _ _ _ _ _ _ _ _ _ _ _ _ _ _
..\..\InnovatEPAM Portal\.venv\Lib\site-packages\starlette\testclient.py:546: in post
    return super().post(
..\..\InnovatEPAM Portal\.venv\Lib\site-packages\httpx\_client.py:1144: in post
    return self.request(
..\..\InnovatEPAM Portal\.venv\Lib\site-packages\starlette\testclient.py:445: in request
    return super().request(
..\..\InnovatEPAM Portal\.venv\Lib\site-packages\httpx\_client.py:825: in request
    return self.send(request, auth=auth, follow_redirects=follow_redirects)
           ^^^^^^^^^^^^^^^^^^^^^^^^^^^^^^^^^^^^^^^^^^^^^^^^^^^^^^^^^^^^^^^^
..\..\InnovatEPAM Portal\.venv\Lib\site-packages\httpx\_client.py:914: in send
    response = self._send_handling_auth(
..\..\InnovatEPAM Portal\.venv\Lib\site-packages\httpx\_client.py:942: in _send_handling_auth
    response = self._send_handling_redirects(
..\..\InnovatEPAM Portal\.venv\Lib\site-packages\httpx\_client.py:979: in _send_handling_redirects
    response = self._send_single_request(request)
               ^^^^^^^^^^^^^^^^^^^^^^^^^^^^^^^^^^
..\..\InnovatEPAM Portal\.venv\Lib\site-packages\httpx\_client.py:1014: in _send_single_request
    response = transport.handle_request(request)
               ^^^^^^^^^^^^^^^^^^^^^^^^^^^^^^^^^
..\..\InnovatEPAM Portal\.venv\Lib\site-packages\starlette\testclient.py:348: in handle_request
    raise exc
..\..\InnovatEPAM Portal\.venv\Lib\site-packages\starlette\testclient.py:345: in handle_request
    portal.call(self.app, scope, receive, send)
..\..\InnovatEPAM Portal\.venv\Lib\site-packages\anyio\from_thread.py:334: in call
    return cast(T_Retval, self.start_task_soon(func, *args).result())
                          ^^^^^^^^^^^^^^^^^^^^^^^^^^^^^^^^^^^^^^^^^^
C:\Python314\Lib\concurrent\futures\_base.py:450: in result
    return self.__get_result()
           ^^^^^^^^^^^^^^^^^^^
C:\Python314\Lib\concurrent\futures\_base.py:395: in __get_result
    raise self._exception
..\..\InnovatEPAM Portal\.venv\Lib\site-packages\anyio\from_thread.py:259: in _call_func
    retval = await retval_or_awaitable
             ^^^^^^^^^^^^^^^^^^^^^^^^^
..\..\InnovatEPAM Portal\.venv\Lib\site-packages\fastapi\applications.py:1160: in __call__
    await super().__call__(scope, receive, send)
..\..\InnovatEPAM Portal\.venv\Lib\site-packages\starlette\applications.py:107: in __call__
    await self.middleware_stack(scope, receive, send)
..\..\InnovatEPAM Portal\.venv\Lib\site-packages\starlette\middleware\errors.py:186: in __call__
    raise exc
..\..\InnovatEPAM Portal\.venv\Lib\site-packages\starlette\middleware\errors.py:164: in __call__
    await self.app(scope, receive, _send)
..\..\InnovatEPAM Portal\.venv\Lib\site-packages\starlette\middleware\cors.py:87: in __call__
    await self.app(scope, receive, send)
..\..\InnovatEPAM Portal\.venv\Lib\site-packages\starlette\middleware\exceptions.py:63: in __call__
    await wrap_app_handling_exceptions(self.app, conn)(scope, receive, send)
..\..\InnovatEPAM Portal\.venv\Lib\site-packages\starlette\_exception_handler.py:53: in wrapped_app
    raise exc
..\..\InnovatEPAM Portal\.venv\Lib\site-packages\starlette\_exception_handler.py:42: in wrapped_app
    await app(scope, receive, sender)
..\..\InnovatEPAM Portal\.venv\Lib\site-packages\fastapi\middleware\asyncexitstack.py:18: in __call__
    await self.app(scope, receive, send)
..\..\InnovatEPAM Portal\.venv\Lib\site-packages\starlette\routing.py:716: in __call__
    await self.middleware_stack(scope, receive, send)
..\..\InnovatEPAM Portal\.venv\Lib\site-packages\starlette\routing.py:736: in app
    await route.handle(scope, receive, send)
..\..\InnovatEPAM Portal\.venv\Lib\site-packages\starlette\routing.py:290: in handle
    await self.app(scope, receive, send)
..\..\InnovatEPAM Portal\.venv\Lib\site-packages\fastapi\routing.py:119: in app
    await wrap_app_handling_exceptions(app, request)(scope, receive, send)
..\..\InnovatEPAM Portal\.venv\Lib\site-packages\starlette\_exception_handler.py:53: in wrapped_app
    raise exc
..\..\InnovatEPAM Portal\.venv\Lib\site-packages\starlette\_exception_handler.py:42: in wrapped_app
    await app(scope, receive, sender)
..\..\InnovatEPAM Portal\.venv\Lib\site-packages\fastapi\routing.py:105: in app
    response = await f(request)
               ^^^^^^^^^^^^^^^^
..\..\InnovatEPAM Portal\.venv\Lib\site-packages\fastapi\routing.py:431: in app
    raw_response = await run_endpoint_function(
..\..\InnovatEPAM Portal\.venv\Lib\site-packages\fastapi\routing.py:313: in run_endpoint_function
    return await dependant.call(**values)
           ^^^^^^^^^^^^^^^^^^^^^^^^^^^^^^
_ _ _ _ _ _ _ _ _ _ _ _ _ _ _ _ _ _ _ _ _ _ _ _ _ _ _ _ _ _ _ _ _ _ _ _ _ _ _ _

credentials = HTTPAuthorizationCredentials(scheme='Bearer', credentials='eyJhbGciOiJIUzI1NiIsInR5cCI6IkpXVCJ9.eyJzdWIiOiI5MTlmYTMxMS...GVyIiwiZXhwIjoxNzcxOTYxNTQzLCJpYXQiOjE3NzE5NjA2NDMsInR5cGUiOiJhY2Nlc3MifQ.IJWMX_1KEeByQS--4bc4uacOm7eZC-vlLCfS5ww97eM')

    @router.post(
        "/logout",
        status_code=status.HTTP_204_NO_CONTENT,
        responses={
            204: {"description": "Logout successful"},
            401: {"model": ErrorResponse}
        }
    )
    async def logout(
        credentials: Optional[HTTPAuthorizationCredentials] = Depends(security)
    ) -> JSONResponse:
        """
        Logout user.
    
        Clears refresh token cookie and revokes session.
    
        Args:
            credentials: Current user authentication
    
        Returns:
            JSONResponse with 204 No Content
        """
        if not credentials:
            raise HTTPException(
                status_code=status.HTTP_401_UNAUTHORIZED,
                detail="Missing authentication credentials",
                headers={"WWW-Authenticate": "Bearer"},
            )
    
        # Validate token
        token = credentials.credentials
>       payload = auth_middleware.jwt_handler.verify_access_token(token)
                  ^^^^^^^^^^^^^^^^^^^^^^^^^^^
E       AttributeError: 'AuthMiddleware' object has no attribute 'jwt_handler'

src\api\v1\auth.py:186: AttributeError
============================== warnings summary ===============================
src\config\database.py:24
  C:\Yaz²l²m\InnovatEPAM\backend\src\config\database.py:24: MovedIn20Warning: The ``declarative_base()`` function is now available as sqlalchemy.orm.declarative_base(). (deprecated since: 2.0) (Background on SQLAlchemy 2.0 at: https://sqlalche.me/e/b8d9)
    Base = declarative_base()

..\..\InnovatEPAM Portal\.venv\Lib\site-packages\pydantic\_internal\_generate_schema.py:319
..\..\InnovatEPAM Portal\.venv\Lib\site-packages\pydantic\_internal\_generate_schema.py:319
..\..\InnovatEPAM Portal\.venv\Lib\site-packages\pydantic\_internal\_generate_schema.py:319
..\..\InnovatEPAM Portal\.venv\Lib\site-packages\pydantic\_internal\_generate_schema.py:319
..\..\InnovatEPAM Portal\.venv\Lib\site-packages\pydantic\_internal\_generate_schema.py:319
..\..\InnovatEPAM Portal\.venv\Lib\site-packages\pydantic\_internal\_generate_schema.py:319
  C:\Yaz²l²m\InnovatEPAM Portal\.venv\Lib\site-packages\pydantic\_internal\_generate_schema.py:319: PydanticDeprecatedSince20: `json_encoders` is deprecated. See https://docs.pydantic.dev/2.12/concepts/serialization/#custom-serializers for alternatives. Deprecated in Pydantic V2.0 to be removed in V3.0. See Pydantic V2 Migration Guide at https://errors.pydantic.dev/2.12/migration/
    warnings.warn(

src\schemas\user_schemas.py:72
  C:\Yaz²l²m\InnovatEPAM\backend\src\schemas\user_schemas.py:72: PydanticDeprecatedSince20: Support for class-based `config` is deprecated, use ConfigDict instead. Deprecated in Pydantic V2.0 to be removed in V3.0. See Pydantic V2 Migration Guide at https://errors.pydantic.dev/2.12/migration/
    class TokenResponse(PydanticBase):

src\main.py:37
  C:\Yaz²l²m\InnovatEPAM\backend\src\main.py:37: DeprecationWarning: 
          on_event is deprecated, use lifespan event handlers instead.
  
          Read more about it in the
          [FastAPI docs for Lifespan Events](https://fastapi.tiangolo.com/advanced/events/).
          
    @app.on_event("startup")

..\..\InnovatEPAM Portal\.venv\Lib\site-packages\fastapi\applications.py:4599
..\..\InnovatEPAM Portal\.venv\Lib\site-packages\fastapi\applications.py:4599
  C:\Yaz²l²m\InnovatEPAM Portal\.venv\Lib\site-packages\fastapi\applications.py:4599: DeprecationWarning: 
          on_event is deprecated, use lifespan event handlers instead.
  
          Read more about it in the
          [FastAPI docs for Lifespan Events](https://fastapi.tiangolo.com/advanced/events/).
          
    return self.router.on_event(event_type)

src\main.py:43
  C:\Yaz²l²m\InnovatEPAM\backend\src\main.py:43: DeprecationWarning: 
          on_event is deprecated, use lifespan event handlers instead.
  
          Read more about it in the
          [FastAPI docs for Lifespan Events](https://fastapi.tiangolo.com/advanced/events/).
          
    @app.on_event("shutdown")

tests/integration/api/test_auth_logout.py::TestAuthLogout::test_logout_authenticatedUser_returns204NoContent
  C:\Yaz²l²m\InnovatEPAM\backend\src\models\user.py:97: DeprecationWarning: datetime.datetime.utcnow() is deprecated and scheduled for removal in a future version. Use timezone-aware objects to represent datetimes in UTC: datetime.datetime.now(datetime.UTC).
    self.created_at = datetime.utcnow()

tests/integration/api/test_auth_logout.py::TestAuthLogout::test_logout_authenticatedUser_returns204NoContent
  C:\Yaz²l²m\InnovatEPAM\backend\src\models\user.py:100: DeprecationWarning: datetime.datetime.utcnow() is deprecated and scheduled for removal in a future version. Use timezone-aware objects to represent datetimes in UTC: datetime.datetime.now(datetime.UTC).
    self.updated_at = datetime.utcnow()

tests/integration/api/test_auth_logout.py::TestAuthLogout::test_logout_authenticatedUser_returns204NoContent
  C:\Yaz²l²m\InnovatEPAM\backend\src\utils\jwt_handler.py:33: DeprecationWarning: datetime.datetime.utcnow() is deprecated and scheduled for removal in a future version. Use timezone-aware objects to represent datetimes in UTC: datetime.datetime.now(datetime.UTC).
    expire = datetime.utcnow() + timedelta(

tests/integration/api/test_auth_logout.py::TestAuthLogout::test_logout_authenticatedUser_returns204NoContent
  C:\Yaz²l²m\InnovatEPAM\backend\src\utils\jwt_handler.py:41: DeprecationWarning: datetime.datetime.utcnow() is deprecated and scheduled for removal in a future version. Use timezone-aware objects to represent datetimes in UTC: datetime.datetime.now(datetime.UTC).
    "iat": datetime.utcnow(),

-- Docs: https://docs.pytest.org/en/stable/how-to/capture-warnings.html
=========================== short test summary info ===========================
FAILED tests/integration/api/test_auth_logout.py::TestAuthLogout::test_logout_authenticatedUser_returns204NoContent - AttributeError: 'AuthMiddleware' object has no attribute 'jwt_handler'
!!!!!!!!!!!!!!!!!!!!!!!!!! stopping after 1 failures !!!!!!!!!!!!!!!!!!!!!!!!!!
======================= 1 failed, 16 warnings in 0.40s ========================
